Mono path[0] = 'C:/Users/Usuario/segredo-varginha-game-teste-cutscene-gdd-ldd-main/Builds/jogo_varginha_alpha_0.3/jogo_varginha_alpha_0.3_Data/Managed'
Mono config path = 'C:/Users/Usuario/segredo-varginha-game-teste-cutscene-gdd-ldd-main/Builds/jogo_varginha_alpha_0.3/MonoBleedingEdge/etc'
CodeReloadManager initialized
Input System module state changed to: Initialized.
[Physics::Module] Initialized fallback backend.
[Physics::Module] Id: 0xdecafbad
Loading player data from C:/Users/Usuario/segredo-varginha-game-teste-cutscene-gdd-ldd-main/Builds/jogo_varginha_alpha_0.3/jogo_varginha_alpha_0.3_Data/data.unity3d
Initialize engine version: 6000.6.0f1 (f7f8ed4d1e24)
[EntityIdStore] init: VM path (explicit commit), pageSize=4096, blockCount=1048576, entitiesPerBlock=256, slots reserved=4294967296 bytes
[Subsystems] Discovering subsystems at path C:/Users/Usuario/segredo-varginha-game-teste-cutscene-gdd-ldd-main/Builds/jogo_varginha_alpha_0.3/jogo_varginha_alpha_0.3_Data/UnitySubsystems
GfxDevice: creating device client; kGfxThreadingModeNonThreaded
d3d12: failed to query info queue interface (0x80004002).
Direct3D:
    Version:         Direct3D 12 [level 12.2]
    Renderer:        NVIDIA GeForce RTX 3050 (ID=0x2584)
    Vendor:          NVIDIA
    VRAM:            6002 MB
    App VRAM Budget: 5234 MB
    Driver:          32.0.16.1062
Begin MonoManager ReloadAssembly
- Finished resetting the current domain, in  0.012 seconds
[Physics::Module] Selected backend.
[Physics::Module] Name: PhysX
[Physics::Module] Id: 0xf2b8ea05
[Physics::Module] SDK Version: 4.1.2
[Physics::Module] Integration Version: 1.0.0
[Physics::Module] Threading Mode: Multi-Threaded
UnloadTime: 0.773300 ms
